[0.764s] DEBUG:colcon:Command line arguments: ['/usr/bin/colcon', 'build']
[0.765s] DEBUG:colcon:Parsed command line arguments: Namespace(allow_overriding=[], ament_cmake_args=None, base_paths=['.'], build_base='build', catkin_cmake_args=None, catkin_skip_building_tests=False, cmake_args=None, cmake_clean_cache=False, cmake_clean_first=False, cmake_force_configure=False, cmake_target=None, cmake_target_skip_unavailable=False, continue_on_error=False, event_handlers=None, executor='parallel', ignore_user_meta=False, install_base='install', log_base=None, log_level=None, main=<bound method BuildVerb.main of <colcon_core.verb.build.BuildVerb object at 0x7f95338a30>>, merge_install=False, metas=['./colcon.meta'], packages_above=None, packages_above_and_dependencies=None, packages_above_depth=None, packages_end=None, packages_ignore=None, packages_ignore_regex=None, packages_select=None, packages_select_build_failed=False, packages_select_by_dep=None, packages_select_regex=None, packages_select_test_failures=False, packages_skip=None, packages_skip_build_finished=False, packages_skip_by_dep=None, packages_skip_regex=None, packages_skip_test_passed=False, packages_skip_up_to=None, packages_start=None, packages_up_to=None, packages_up_to_regex=None, parallel_workers=4, paths=None, symlink_install=False, test_result_base=None, verb_extension=<colcon_core.verb.build.BuildVerb object at 0x7f95338a30>, verb_name='build', verb_parser=<colcon_defaults.argument_parser.defaults.DefaultArgumentsDecorator object at 0x7f95151b20>)
[1.430s] Level 1:colcon.colcon_core.package_discovery:discover_packages(colcon_meta) check parameters
[1.430s] Level 1:colcon.colcon_core.package_discovery:discover_packages(recursive) check parameters
[1.431s] Level 1:colcon.colcon_core.package_discovery:discover_packages(ignore) check parameters
[1.431s] Level 1:colcon.colcon_core.package_discovery:discover_packages(path) check parameters
[1.431s] Level 1:colcon.colcon_core.package_discovery:discover_packages(colcon_meta) discover
[1.431s] Level 1:colcon.colcon_core.package_discovery:discover_packages(recursive) discover
[1.431s] INFO:colcon.colcon_core.package_discovery:Crawling recursively for packages in '/home/jetbot/G01-ProyectoRII3'
[1.432s] Level 1:colcon.colcon_core.package_identification:_identify(.) by extensions ['ignore', 'ignore_ament_install']
[1.432s] Level 1:colcon.colcon_core.package_identification:_identify(.) by extension 'ignore'
[1.432s] Level 1:colcon.colcon_core.package_identification:_identify(.) by extension 'ignore_ament_install'
[1.433s] Level 1:colcon.colcon_core.package_identification:_identify(.) by extensions ['colcon_pkg']
[1.433s] Level 1:colcon.colcon_core.package_identification:_identify(.) by extension 'colcon_pkg'
[1.433s] Level 1:colcon.colcon_core.package_identification:_identify(.) by extensions ['colcon_meta']
[1.433s] Level 1:colcon.colcon_core.package_identification:_identify(.) by extension 'colcon_meta'
[1.433s] Level 1:colcon.colcon_core.package_identification:_identify(.) by extensions ['ros']
[1.434s] Level 1:colcon.colcon_core.package_identification:_identify(.) by extension 'ros'
[1.484s] Level 1:colcon.colcon_core.package_identification:_identify(.) by extensions ['cmake', 'python']
[1.484s] Level 1:colcon.colcon_core.package_identification:_identify(.) by extension 'cmake'
[1.485s] Level 1:colcon.colcon_core.package_identification:_identify(.) by extension 'python'
[1.485s] Level 1:colcon.colcon_core.package_identification:_identify(.) by extensions ['python_setup_py']
[1.485s] Level 1:colcon.colcon_core.package_identification:_identify(.) by extension 'python_setup_py'
[1.486s] Level 1:colcon.colcon_core.package_identification:_identify(build) by extensions ['ignore', 'ignore_ament_install']
[1.486s] Level 1:colcon.colcon_core.package_identification:_identify(build) by extension 'ignore'
[1.486s] Level 1:colcon.colcon_core.package_identification:_identify(build) ignored
[1.487s] Level 1:colcon.colcon_core.package_identification:_identify(install) by extensions ['ignore', 'ignore_ament_install']
[1.487s] Level 1:colcon.colcon_core.package_identification:_identify(install) by extension 'ignore'
[1.487s] Level 1:colcon.colcon_core.package_identification:_identify(install) ignored
[1.488s] Level 1:colcon.colcon_core.package_identification:_identify(log) by extensions ['ignore', 'ignore_ament_install']
[1.488s] Level 1:colcon.colcon_core.package_identification:_identify(log) by extension 'ignore'
[1.488s] Level 1:colcon.colcon_core.package_identification:_identify(log) ignored
[1.489s] Level 1:colcon.colcon_core.package_identification:_identify(sprint4) by extensions ['ignore', 'ignore_ament_install']
[1.489s] Level 1:colcon.colcon_core.package_identification:_identify(sprint4) by extension 'ignore'
[1.489s] Level 1:colcon.colcon_core.package_identification:_identify(sprint4) by extension 'ignore_ament_install'
[1.489s] Level 1:colcon.colcon_core.package_identification:_identify(sprint4) by extensions ['colcon_pkg']
[1.490s] Level 1:colcon.colcon_core.package_identification:_identify(sprint4) by extension 'colcon_pkg'
[1.490s] Level 1:colcon.colcon_core.package_identification:_identify(sprint4) by extensions ['colcon_meta']
[1.490s] Level 1:colcon.colcon_core.package_identification:_identify(sprint4) by extension 'colcon_meta'
[1.490s] Level 1:colcon.colcon_core.package_identification:_identify(sprint4) by extensions ['ros']
[1.490s] Level 1:colcon.colcon_core.package_identification:_identify(sprint4) by extension 'ros'
[1.491s] Level 1:colcon.colcon_core.package_identification:_identify(sprint4) by extensions ['cmake', 'python']
[1.491s] Level 1:colcon.colcon_core.package_identification:_identify(sprint4) by extension 'cmake'
[1.491s] Level 1:colcon.colcon_core.package_identification:_identify(sprint4) by extension 'python'
[1.491s] Level 1:colcon.colcon_core.package_identification:_identify(sprint4) by extensions ['python_setup_py']
[1.491s] Level 1:colcon.colcon_core.package_identification:_identify(sprint4) by extension 'python_setup_py'
[1.492s] Level 1:colcon.colcon_core.package_identification:_identify(sprint4/Building_Tablero) by extensions ['ignore', 'ignore_ament_install']
[1.492s] Level 1:colcon.colcon_core.package_identification:_identify(sprint4/Building_Tablero) by extension 'ignore'
[1.492s] Level 1:colcon.colcon_core.package_identification:_identify(sprint4/Building_Tablero) by extension 'ignore_ament_install'
[1.492s] Level 1:colcon.colcon_core.package_identification:_identify(sprint4/Building_Tablero) by extensions ['colcon_pkg']
[1.493s] Level 1:colcon.colcon_core.package_identification:_identify(sprint4/Building_Tablero) by extension 'colcon_pkg'
[1.493s] Level 1:colcon.colcon_core.package_identification:_identify(sprint4/Building_Tablero) by extensions ['colcon_meta']
[1.493s] Level 1:colcon.colcon_core.package_identification:_identify(sprint4/Building_Tablero) by extension 'colcon_meta'
[1.493s] Level 1:colcon.colcon_core.package_identification:_identify(sprint4/Building_Tablero) by extensions ['ros']
[1.493s] Level 1:colcon.colcon_core.package_identification:_identify(sprint4/Building_Tablero) by extension 'ros'
[1.494s] Level 1:colcon.colcon_core.package_identification:_identify(sprint4/Building_Tablero) by extensions ['cmake', 'python']
[1.494s] Level 1:colcon.colcon_core.package_identification:_identify(sprint4/Building_Tablero) by extension 'cmake'
[1.494s] Level 1:colcon.colcon_core.package_identification:_identify(sprint4/Building_Tablero) by extension 'python'
[1.494s] Level 1:colcon.colcon_core.package_identification:_identify(sprint4/Building_Tablero) by extensions ['python_setup_py']
[1.494s] Level 1:colcon.colcon_core.package_identification:_identify(sprint4/Building_Tablero) by extension 'python_setup_py'
[1.495s] Level 1:colcon.colcon_core.package_identification:_identify(sprint4/Building_Tablero/materials) by extensions ['ignore', 'ignore_ament_install']
[1.495s] Level 1:colcon.colcon_core.package_identification:_identify(sprint4/Building_Tablero/materials) by extension 'ignore'
[1.495s] Level 1:colcon.colcon_core.package_identification:_identify(sprint4/Building_Tablero/materials) by extension 'ignore_ament_install'
[1.495s] Level 1:colcon.colcon_core.package_identification:_identify(sprint4/Building_Tablero/materials) by extensions ['colcon_pkg']
[1.496s] Level 1:colcon.colcon_core.package_identification:_identify(sprint4/Building_Tablero/materials) by extension 'colcon_pkg'
[1.496s] Level 1:colcon.colcon_core.package_identification:_identify(sprint4/Building_Tablero/materials) by extensions ['colcon_meta']
[1.496s] Level 1:colcon.colcon_core.package_identification:_identify(sprint4/Building_Tablero/materials) by extension 'colcon_meta'
[1.496s] Level 1:colcon.colcon_core.package_identification:_identify(sprint4/Building_Tablero/materials) by extensions ['ros']
[1.496s] Level 1:colcon.colcon_core.package_identification:_identify(sprint4/Building_Tablero/materials) by extension 'ros'
[1.497s] Level 1:colcon.colcon_core.package_identification:_identify(sprint4/Building_Tablero/materials) by extensions ['cmake', 'python']
[1.497s] Level 1:colcon.colcon_core.package_identification:_identify(sprint4/Building_Tablero/materials) by extension 'cmake'
[1.497s] Level 1:colcon.colcon_core.package_identification:_identify(sprint4/Building_Tablero/materials) by extension 'python'
[1.497s] Level 1:colcon.colcon_core.package_identification:_identify(sprint4/Building_Tablero/materials) by extensions ['python_setup_py']
[1.497s] Level 1:colcon.colcon_core.package_identification:_identify(sprint4/Building_Tablero/materials) by extension 'python_setup_py'
[1.498s] Level 1:colcon.colcon_core.package_identification:_identify(sprint4/Building_Tablero/materials/scripts) by extensions ['ignore', 'ignore_ament_install']
[1.498s] Level 1:colcon.colcon_core.package_identification:_identify(sprint4/Building_Tablero/materials/scripts) by extension 'ignore'
[1.498s] Level 1:colcon.colcon_core.package_identification:_identify(sprint4/Building_Tablero/materials/scripts) by extension 'ignore_ament_install'
[1.498s] Level 1:colcon.colcon_core.package_identification:_identify(sprint4/Building_Tablero/materials/scripts) by extensions ['colcon_pkg']
[1.499s] Level 1:colcon.colcon_core.package_identification:_identify(sprint4/Building_Tablero/materials/scripts) by extension 'colcon_pkg'
[1.499s] Level 1:colcon.colcon_core.package_identification:_identify(sprint4/Building_Tablero/materials/scripts) by extensions ['colcon_meta']
[1.499s] Level 1:colcon.colcon_core.package_identification:_identify(sprint4/Building_Tablero/materials/scripts) by extension 'colcon_meta'
[1.499s] Level 1:colcon.colcon_core.package_identification:_identify(sprint4/Building_Tablero/materials/scripts) by extensions ['ros']
[1.499s] Level 1:colcon.colcon_core.package_identification:_identify(sprint4/Building_Tablero/materials/scripts) by extension 'ros'
[1.500s] Level 1:colcon.colcon_core.package_identification:_identify(sprint4/Building_Tablero/materials/scripts) by extensions ['cmake', 'python']
[1.500s] Level 1:colcon.colcon_core.package_identification:_identify(sprint4/Building_Tablero/materials/scripts) by extension 'cmake'
[1.500s] Level 1:colcon.colcon_core.package_identification:_identify(sprint4/Building_Tablero/materials/scripts) by extension 'python'
[1.500s] Level 1:colcon.colcon_core.package_identification:_identify(sprint4/Building_Tablero/materials/scripts) by extensions ['python_setup_py']
[1.500s] Level 1:colcon.colcon_core.package_identification:_identify(sprint4/Building_Tablero/materials/scripts) by extension 'python_setup_py'
[1.501s] Level 1:colcon.colcon_core.package_identification:_identify(sprint4/Building_Tablero/materials/textures) by extensions ['ignore', 'ignore_ament_install']
[1.501s] Level 1:colcon.colcon_core.package_identification:_identify(sprint4/Building_Tablero/materials/textures) by extension 'ignore'
[1.501s] Level 1:colcon.colcon_core.package_identification:_identify(sprint4/Building_Tablero/materials/textures) by extension 'ignore_ament_install'
[1.502s] Level 1:colcon.colcon_core.package_identification:_identify(sprint4/Building_Tablero/materials/textures) by extensions ['colcon_pkg']
[1.502s] Level 1:colcon.colcon_core.package_identification:_identify(sprint4/Building_Tablero/materials/textures) by extension 'colcon_pkg'
[1.502s] Level 1:colcon.colcon_core.package_identification:_identify(sprint4/Building_Tablero/materials/textures) by extensions ['colcon_meta']
[1.502s] Level 1:colcon.colcon_core.package_identification:_identify(sprint4/Building_Tablero/materials/textures) by extension 'colcon_meta'
[1.502s] Level 1:colcon.colcon_core.package_identification:_identify(sprint4/Building_Tablero/materials/textures) by extensions ['ros']
[1.502s] Level 1:colcon.colcon_core.package_identification:_identify(sprint4/Building_Tablero/materials/textures) by extension 'ros'
[1.503s] Level 1:colcon.colcon_core.package_identification:_identify(sprint4/Building_Tablero/materials/textures) by extensions ['cmake', 'python']
[1.503s] Level 1:colcon.colcon_core.package_identification:_identify(sprint4/Building_Tablero/materials/textures) by extension 'cmake'
[1.503s] Level 1:colcon.colcon_core.package_identification:_identify(sprint4/Building_Tablero/materials/textures) by extension 'python'
[1.503s] Level 1:colcon.colcon_core.package_identification:_identify(sprint4/Building_Tablero/materials/textures) by extensions ['python_setup_py']
[1.503s] Level 1:colcon.colcon_core.package_identification:_identify(sprint4/Building_Tablero/materials/textures) by extension 'python_setup_py'
[1.504s] Level 1:colcon.colcon_core.package_identification:_identify(sprint4/Building_Tablerov1) by extensions ['ignore', 'ignore_ament_install']
[1.504s] Level 1:colcon.colcon_core.package_identification:_identify(sprint4/Building_Tablerov1) by extension 'ignore'
[1.504s] Level 1:colcon.colcon_core.package_identification:_identify(sprint4/Building_Tablerov1) by extension 'ignore_ament_install'
[1.505s] Level 1:colcon.colcon_core.package_identification:_identify(sprint4/Building_Tablerov1) by extensions ['colcon_pkg']
[1.505s] Level 1:colcon.colcon_core.package_identification:_identify(sprint4/Building_Tablerov1) by extension 'colcon_pkg'
[1.505s] Level 1:colcon.colcon_core.package_identification:_identify(sprint4/Building_Tablerov1) by extensions ['colcon_meta']
[1.505s] Level 1:colcon.colcon_core.package_identification:_identify(sprint4/Building_Tablerov1) by extension 'colcon_meta'
[1.505s] Level 1:colcon.colcon_core.package_identification:_identify(sprint4/Building_Tablerov1) by extensions ['ros']
[1.506s] Level 1:colcon.colcon_core.package_identification:_identify(sprint4/Building_Tablerov1) by extension 'ros'
[1.506s] Level 1:colcon.colcon_core.package_identification:_identify(sprint4/Building_Tablerov1) by extensions ['cmake', 'python']
[1.506s] Level 1:colcon.colcon_core.package_identification:_identify(sprint4/Building_Tablerov1) by extension 'cmake'
[1.506s] Level 1:colcon.colcon_core.package_identification:_identify(sprint4/Building_Tablerov1) by extension 'python'
[1.506s] Level 1:colcon.colcon_core.package_identification:_identify(sprint4/Building_Tablerov1) by extensions ['python_setup_py']
[1.507s] Level 1:colcon.colcon_core.package_identification:_identify(sprint4/Building_Tablerov1) by extension 'python_setup_py'
[1.507s] Level 1:colcon.colcon_core.package_identification:_identify(sprint4/Building_Tablerov1/materials) by extensions ['ignore', 'ignore_ament_install']
[1.508s] Level 1:colcon.colcon_core.package_identification:_identify(sprint4/Building_Tablerov1/materials) by extension 'ignore'
[1.508s] Level 1:colcon.colcon_core.package_identification:_identify(sprint4/Building_Tablerov1/materials) by extension 'ignore_ament_install'
[1.508s] Level 1:colcon.colcon_core.package_identification:_identify(sprint4/Building_Tablerov1/materials) by extensions ['colcon_pkg']
[1.508s] Level 1:colcon.colcon_core.package_identification:_identify(sprint4/Building_Tablerov1/materials) by extension 'colcon_pkg'
[1.509s] Level 1:colcon.colcon_core.package_identification:_identify(sprint4/Building_Tablerov1/materials) by extensions ['colcon_meta']
[1.509s] Level 1:colcon.colcon_core.package_identification:_identify(sprint4/Building_Tablerov1/materials) by extension 'colcon_meta'
[1.509s] Level 1:colcon.colcon_core.package_identification:_identify(sprint4/Building_Tablerov1/materials) by extensions ['ros']
[1.509s] Level 1:colcon.colcon_core.package_identification:_identify(sprint4/Building_Tablerov1/materials) by extension 'ros'
[1.510s] Level 1:colcon.colcon_core.package_identification:_identify(sprint4/Building_Tablerov1/materials) by extensions ['cmake', 'python']
[1.510s] Level 1:colcon.colcon_core.package_identification:_identify(sprint4/Building_Tablerov1/materials) by extension 'cmake'
[1.510s] Level 1:colcon.colcon_core.package_identification:_identify(sprint4/Building_Tablerov1/materials) by extension 'python'
[1.510s] Level 1:colcon.colcon_core.package_identification:_identify(sprint4/Building_Tablerov1/materials) by extensions ['python_setup_py']
[1.510s] Level 1:colcon.colcon_core.package_identification:_identify(sprint4/Building_Tablerov1/materials) by extension 'python_setup_py'
[1.511s] Level 1:colcon.colcon_core.package_identification:_identify(sprint4/Building_Tablerov1/materials/scripts) by extensions ['ignore', 'ignore_ament_install']
[1.511s] Level 1:colcon.colcon_core.package_identification:_identify(sprint4/Building_Tablerov1/materials/scripts) by extension 'ignore'
[1.511s] Level 1:colcon.colcon_core.package_identification:_identify(sprint4/Building_Tablerov1/materials/scripts) by extension 'ignore_ament_install'
[1.512s] Level 1:colcon.colcon_core.package_identification:_identify(sprint4/Building_Tablerov1/materials/scripts) by extensions ['colcon_pkg']
[1.512s] Level 1:colcon.colcon_core.package_identification:_identify(sprint4/Building_Tablerov1/materials/scripts) by extension 'colcon_pkg'
[1.512s] Level 1:colcon.colcon_core.package_identification:_identify(sprint4/Building_Tablerov1/materials/scripts) by extensions ['colcon_meta']
[1.512s] Level 1:colcon.colcon_core.package_identification:_identify(sprint4/Building_Tablerov1/materials/scripts) by extension 'colcon_meta'
[1.512s] Level 1:colcon.colcon_core.package_identification:_identify(sprint4/Building_Tablerov1/materials/scripts) by extensions ['ros']
[1.512s] Level 1:colcon.colcon_core.package_identification:_identify(sprint4/Building_Tablerov1/materials/scripts) by extension 'ros'
[1.513s] Level 1:colcon.colcon_core.package_identification:_identify(sprint4/Building_Tablerov1/materials/scripts) by extensions ['cmake', 'python']
[1.513s] Level 1:colcon.colcon_core.package_identification:_identify(sprint4/Building_Tablerov1/materials/scripts) by extension 'cmake'
[1.513s] Level 1:colcon.colcon_core.package_identification:_identify(sprint4/Building_Tablerov1/materials/scripts) by extension 'python'
[1.513s] Level 1:colcon.colcon_core.package_identification:_identify(sprint4/Building_Tablerov1/materials/scripts) by extensions ['python_setup_py']
[1.514s] Level 1:colcon.colcon_core.package_identification:_identify(sprint4/Building_Tablerov1/materials/scripts) by extension 'python_setup_py'
[1.514s] Level 1:colcon.colcon_core.package_identification:_identify(sprint4/Building_Tablerov1/materials/textures) by extensions ['ignore', 'ignore_ament_install']
[1.514s] Level 1:colcon.colcon_core.package_identification:_identify(sprint4/Building_Tablerov1/materials/textures) by extension 'ignore'
[1.515s] Level 1:colcon.colcon_core.package_identification:_identify(sprint4/Building_Tablerov1/materials/textures) by extension 'ignore_ament_install'
[1.515s] Level 1:colcon.colcon_core.package_identification:_identify(sprint4/Building_Tablerov1/materials/textures) by extensions ['colcon_pkg']
[1.515s] Level 1:colcon.colcon_core.package_identification:_identify(sprint4/Building_Tablerov1/materials/textures) by extension 'colcon_pkg'
[1.515s] Level 1:colcon.colcon_core.package_identification:_identify(sprint4/Building_Tablerov1/materials/textures) by extensions ['colcon_meta']
[1.516s] Level 1:colcon.colcon_core.package_identification:_identify(sprint4/Building_Tablerov1/materials/textures) by extension 'colcon_meta'
[1.516s] Level 1:colcon.colcon_core.package_identification:_identify(sprint4/Building_Tablerov1/materials/textures) by extensions ['ros']
[1.516s] Level 1:colcon.colcon_core.package_identification:_identify(sprint4/Building_Tablerov1/materials/textures) by extension 'ros'
[1.516s] Level 1:colcon.colcon_core.package_identification:_identify(sprint4/Building_Tablerov1/materials/textures) by extensions ['cmake', 'python']
[1.517s] Level 1:colcon.colcon_core.package_identification:_identify(sprint4/Building_Tablerov1/materials/textures) by extension 'cmake'
[1.517s] Level 1:colcon.colcon_core.package_identification:_identify(sprint4/Building_Tablerov1/materials/textures) by extension 'python'
[1.517s] Level 1:colcon.colcon_core.package_identification:_identify(sprint4/Building_Tablerov1/materials/textures) by extensions ['python_setup_py']
[1.517s] Level 1:colcon.colcon_core.package_identification:_identify(sprint4/Building_Tablerov1/materials/textures) by extension 'python_setup_py'
[1.518s] Level 1:colcon.colcon_core.package_identification:_identify(sprint4/turtlebot3_waffle1) by extensions ['ignore', 'ignore_ament_install']
[1.518s] Level 1:colcon.colcon_core.package_identification:_identify(sprint4/turtlebot3_waffle1) by extension 'ignore'
[1.518s] Level 1:colcon.colcon_core.package_identification:_identify(sprint4/turtlebot3_waffle1) by extension 'ignore_ament_install'
[1.519s] Level 1:colcon.colcon_core.package_identification:_identify(sprint4/turtlebot3_waffle1) by extensions ['colcon_pkg']
[1.519s] Level 1:colcon.colcon_core.package_identification:_identify(sprint4/turtlebot3_waffle1) by extension 'colcon_pkg'
[1.519s] Level 1:colcon.colcon_core.package_identification:_identify(sprint4/turtlebot3_waffle1) by extensions ['colcon_meta']
[1.519s] Level 1:colcon.colcon_core.package_identification:_identify(sprint4/turtlebot3_waffle1) by extension 'colcon_meta'
[1.519s] Level 1:colcon.colcon_core.package_identification:_identify(sprint4/turtlebot3_waffle1) by extensions ['ros']
[1.519s] Level 1:colcon.colcon_core.package_identification:_identify(sprint4/turtlebot3_waffle1) by extension 'ros'
[1.520s] Level 1:colcon.colcon_core.package_identification:_identify(sprint4/turtlebot3_waffle1) by extensions ['cmake', 'python']
[1.520s] Level 1:colcon.colcon_core.package_identification:_identify(sprint4/turtlebot3_waffle1) by extension 'cmake'
[1.520s] Level 1:colcon.colcon_core.package_identification:_identify(sprint4/turtlebot3_waffle1) by extension 'python'
[1.520s] Level 1:colcon.colcon_core.package_identification:_identify(sprint4/turtlebot3_waffle1) by extensions ['python_setup_py']
[1.520s] Level 1:colcon.colcon_core.package_identification:_identify(sprint4/turtlebot3_waffle1) by extension 'python_setup_py'
[1.521s] Level 1:colcon.colcon_core.package_discovery:discover_packages(recursive) using defaults
[1.521s] Level 1:colcon.colcon_core.package_discovery:discover_packages(ignore) discover
[1.521s] Level 1:colcon.colcon_core.package_discovery:discover_packages(ignore) using defaults
[1.521s] Level 1:colcon.colcon_core.package_discovery:discover_packages(path) discover
[1.521s] Level 1:colcon.colcon_core.package_discovery:discover_packages(path) using defaults
[1.582s] Level 1:colcon.colcon_core.package_discovery:discover_packages(prefix_path) check parameters
[1.582s] Level 1:colcon.colcon_core.package_discovery:discover_packages(prefix_path) discover
[1.589s] DEBUG:colcon.colcon_installed_package_information.package_discovery:Found 3 installed packages in /home/jetbot/jetbot_ws/install
[1.596s] DEBUG:colcon.colcon_installed_package_information.package_discovery:Found 302 installed packages in /opt/ros/foxy
[1.606s] Level 1:colcon.colcon_core.package_discovery:discover_packages(prefix_path) using defaults
[1.991s] INFO:colcon.colcon_core.executor:Executing jobs using 'parallel' executor
[1.994s] DEBUG:colcon.colcon_parallel_executor.executor.parallel:run_until_complete
[1.994s] DEBUG:colcon.colcon_parallel_executor.executor.parallel:closing loop
[1.995s] DEBUG:colcon.colcon_parallel_executor.executor.parallel:loop closed
[1.995s] DEBUG:colcon.colcon_parallel_executor.executor.parallel:run_until_complete finished with '0'
[1.995s] DEBUG:colcon.colcon_core.event_reactor:joining thread
[2.012s] INFO:colcon.colcon_core.plugin_system:Skipping extension 'colcon_notification.desktop_notification.terminal_notifier': Not used on non-Darwin systems
[2.012s] INFO:colcon.colcon_core.plugin_system:Skipping extension 'colcon_notification.desktop_notification.win32': Not used on non-Windows systems
[2.013s] INFO:colcon.colcon_notification.desktop_notification:Sending desktop notification using 'notify2'
[2.028s] DEBUG:colcon.colcon_core.event_reactor:joined thread
[2.036s] INFO:colcon.colcon_core.plugin_system:Skipping extension 'colcon_core.shell.bat': Not used on non-Windows systems
[2.037s] INFO:colcon.colcon_core.shell:Creating prefix script '/home/jetbot/G01-ProyectoRII3/install/local_setup.ps1'
[2.043s] INFO:colcon.colcon_core.shell:Creating prefix util module '/home/jetbot/G01-ProyectoRII3/install/_local_setup_util_ps1.py'
[2.051s] INFO:colcon.colcon_core.shell:Creating prefix chain script '/home/jetbot/G01-ProyectoRII3/install/setup.ps1'
[2.056s] INFO:colcon.colcon_core.shell:Creating prefix script '/home/jetbot/G01-ProyectoRII3/install/local_setup.sh'
[2.059s] INFO:colcon.colcon_core.shell:Creating prefix util module '/home/jetbot/G01-ProyectoRII3/install/_local_setup_util_sh.py'
[2.062s] INFO:colcon.colcon_core.shell:Creating prefix chain script '/home/jetbot/G01-ProyectoRII3/install/setup.sh'
[2.067s] INFO:colcon.colcon_core.shell:Creating prefix script '/home/jetbot/G01-ProyectoRII3/install/local_setup.bash'
[2.070s] INFO:colcon.colcon_core.shell:Creating prefix chain script '/home/jetbot/G01-ProyectoRII3/install/setup.bash'
[2.074s] INFO:colcon.colcon_core.shell:Creating prefix script '/home/jetbot/G01-ProyectoRII3/install/local_setup.zsh'
[2.077s] INFO:colcon.colcon_core.shell:Creating prefix chain script '/home/jetbot/G01-ProyectoRII3/install/setup.zsh'
