[1.340s] DEBUG:colcon:Command line arguments: ['/usr/bin/colcon', 'build']
[1.340s] DEBUG:colcon:Parsed command line arguments: Namespace(allow_overriding=[], ament_cmake_args=None, base_paths=['.'], build_base='build', catkin_cmake_args=None, catkin_skip_building_tests=False, cmake_args=None, cmake_clean_cache=False, cmake_clean_first=False, cmake_force_configure=False, cmake_target=None, cmake_target_skip_unavailable=False, continue_on_error=False, event_handlers=None, executor='parallel', ignore_user_meta=False, install_base='install', log_base=None, log_level=None, main=<bound method BuildVerb.main of <colcon_core.verb.build.BuildVerb object at 0x7f89490a30>>, merge_install=False, metas=['./colcon.meta'], packages_above=None, packages_above_and_dependencies=None, packages_above_depth=None, packages_end=None, packages_ignore=None, packages_ignore_regex=None, packages_select=None, packages_select_build_failed=False, packages_select_by_dep=None, packages_select_regex=None, packages_select_test_failures=False, packages_skip=None, packages_skip_build_finished=False, packages_skip_by_dep=None, packages_skip_regex=None, packages_skip_test_passed=False, packages_skip_up_to=None, packages_start=None, packages_up_to=None, packages_up_to_regex=None, parallel_workers=4, paths=None, symlink_install=False, test_result_base=None, verb_extension=<colcon_core.verb.build.BuildVerb object at 0x7f89490a30>, verb_name='build', verb_parser=<colcon_defaults.argument_parser.defaults.DefaultArgumentsDecorator object at 0x7f892a9b20>)
[2.114s] Level 1:colcon.colcon_core.package_discovery:discover_packages(colcon_meta) check parameters
[2.114s] Level 1:colcon.colcon_core.package_discovery:discover_packages(recursive) check parameters
[2.114s] Level 1:colcon.colcon_core.package_discovery:discover_packages(ignore) check parameters
[2.115s] Level 1:colcon.colcon_core.package_discovery:discover_packages(path) check parameters
[2.115s] Level 1:colcon.colcon_core.package_discovery:discover_packages(colcon_meta) discover
[2.115s] Level 1:colcon.colcon_core.package_discovery:discover_packages(recursive) discover
[2.115s] INFO:colcon.colcon_core.package_discovery:Crawling recursively for packages in '/home/jetbot/G01-ProyectoRII3'
[2.116s] Level 1:colcon.colcon_core.package_identification:_identify(.) by extensions ['ignore', 'ignore_ament_install']
[2.116s] Level 1:colcon.colcon_core.package_identification:_identify(.) by extension 'ignore'
[2.116s] Level 1:colcon.colcon_core.package_identification:_identify(.) by extension 'ignore_ament_install'
[2.117s] Level 1:colcon.colcon_core.package_identification:_identify(.) by extensions ['colcon_pkg']
[2.117s] Level 1:colcon.colcon_core.package_identification:_identify(.) by extension 'colcon_pkg'
[2.117s] Level 1:colcon.colcon_core.package_identification:_identify(.) by extensions ['colcon_meta']
[2.117s] Level 1:colcon.colcon_core.package_identification:_identify(.) by extension 'colcon_meta'
[2.117s] Level 1:colcon.colcon_core.package_identification:_identify(.) by extensions ['ros']
[2.117s] Level 1:colcon.colcon_core.package_identification:_identify(.) by extension 'ros'
[2.169s] Level 1:colcon.colcon_core.package_identification:_identify(.) by extensions ['cmake', 'python']
[2.169s] Level 1:colcon.colcon_core.package_identification:_identify(.) by extension 'cmake'
[2.169s] Level 1:colcon.colcon_core.package_identification:_identify(.) by extension 'python'
[2.169s] Level 1:colcon.colcon_core.package_identification:_identify(.) by extensions ['python_setup_py']
[2.170s] Level 1:colcon.colcon_core.package_identification:_identify(.) by extension 'python_setup_py'
[2.170s] Level 1:colcon.colcon_core.package_identification:_identify(build) by extensions ['ignore', 'ignore_ament_install']
[2.171s] Level 1:colcon.colcon_core.package_identification:_identify(build) by extension 'ignore'
[2.171s] Level 1:colcon.colcon_core.package_identification:_identify(build) ignored
[2.171s] Level 1:colcon.colcon_core.package_identification:_identify(install) by extensions ['ignore', 'ignore_ament_install']
[2.172s] Level 1:colcon.colcon_core.package_identification:_identify(install) by extension 'ignore'
[2.172s] Level 1:colcon.colcon_core.package_identification:_identify(install) ignored
[2.173s] Level 1:colcon.colcon_core.package_identification:_identify(log) by extensions ['ignore', 'ignore_ament_install']
[2.173s] Level 1:colcon.colcon_core.package_identification:_identify(log) by extension 'ignore'
[2.173s] Level 1:colcon.colcon_core.package_identification:_identify(log) ignored
[2.174s] Level 1:colcon.colcon_core.package_identification:_identify(sprint4) by extensions ['ignore', 'ignore_ament_install']
[2.174s] Level 1:colcon.colcon_core.package_identification:_identify(sprint4) by extension 'ignore'
[2.174s] Level 1:colcon.colcon_core.package_identification:_identify(sprint4) by extension 'ignore_ament_install'
[2.174s] Level 1:colcon.colcon_core.package_identification:_identify(sprint4) by extensions ['colcon_pkg']
[2.175s] Level 1:colcon.colcon_core.package_identification:_identify(sprint4) by extension 'colcon_pkg'
[2.175s] Level 1:colcon.colcon_core.package_identification:_identify(sprint4) by extensions ['colcon_meta']
[2.175s] Level 1:colcon.colcon_core.package_identification:_identify(sprint4) by extension 'colcon_meta'
[2.175s] Level 1:colcon.colcon_core.package_identification:_identify(sprint4) by extensions ['ros']
[2.175s] Level 1:colcon.colcon_core.package_identification:_identify(sprint4) by extension 'ros'
[2.176s] Level 1:colcon.colcon_core.package_identification:_identify(sprint4) by extensions ['cmake', 'python']
[2.176s] Level 1:colcon.colcon_core.package_identification:_identify(sprint4) by extension 'cmake'
[2.176s] Level 1:colcon.colcon_core.package_identification:_identify(sprint4) by extension 'python'
[2.176s] Level 1:colcon.colcon_core.package_identification:_identify(sprint4) by extensions ['python_setup_py']
[2.177s] Level 1:colcon.colcon_core.package_identification:_identify(sprint4) by extension 'python_setup_py'
[2.177s] Level 1:colcon.colcon_core.package_identification:_identify(sprint4/Building_Tablero) by extensions ['ignore', 'ignore_ament_install']
[2.177s] Level 1:colcon.colcon_core.package_identification:_identify(sprint4/Building_Tablero) by extension 'ignore'
[2.178s] Level 1:colcon.colcon_core.package_identification:_identify(sprint4/Building_Tablero) by extension 'ignore_ament_install'
[2.178s] Level 1:colcon.colcon_core.package_identification:_identify(sprint4/Building_Tablero) by extensions ['colcon_pkg']
[2.178s] Level 1:colcon.colcon_core.package_identification:_identify(sprint4/Building_Tablero) by extension 'colcon_pkg'
[2.178s] Level 1:colcon.colcon_core.package_identification:_identify(sprint4/Building_Tablero) by extensions ['colcon_meta']
[2.179s] Level 1:colcon.colcon_core.package_identification:_identify(sprint4/Building_Tablero) by extension 'colcon_meta'
[2.179s] Level 1:colcon.colcon_core.package_identification:_identify(sprint4/Building_Tablero) by extensions ['ros']
[2.179s] Level 1:colcon.colcon_core.package_identification:_identify(sprint4/Building_Tablero) by extension 'ros'
[2.179s] Level 1:colcon.colcon_core.package_identification:_identify(sprint4/Building_Tablero) by extensions ['cmake', 'python']
[2.180s] Level 1:colcon.colcon_core.package_identification:_identify(sprint4/Building_Tablero) by extension 'cmake'
[2.180s] Level 1:colcon.colcon_core.package_identification:_identify(sprint4/Building_Tablero) by extension 'python'
[2.180s] Level 1:colcon.colcon_core.package_identification:_identify(sprint4/Building_Tablero) by extensions ['python_setup_py']
[2.180s] Level 1:colcon.colcon_core.package_identification:_identify(sprint4/Building_Tablero) by extension 'python_setup_py'
[2.181s] Level 1:colcon.colcon_core.package_identification:_identify(sprint4/Building_Tablero/materials) by extensions ['ignore', 'ignore_ament_install']
[2.181s] Level 1:colcon.colcon_core.package_identification:_identify(sprint4/Building_Tablero/materials) by extension 'ignore'
[2.181s] Level 1:colcon.colcon_core.package_identification:_identify(sprint4/Building_Tablero/materials) by extension 'ignore_ament_install'
[2.182s] Level 1:colcon.colcon_core.package_identification:_identify(sprint4/Building_Tablero/materials) by extensions ['colcon_pkg']
[2.182s] Level 1:colcon.colcon_core.package_identification:_identify(sprint4/Building_Tablero/materials) by extension 'colcon_pkg'
[2.182s] Level 1:colcon.colcon_core.package_identification:_identify(sprint4/Building_Tablero/materials) by extensions ['colcon_meta']
[2.182s] Level 1:colcon.colcon_core.package_identification:_identify(sprint4/Building_Tablero/materials) by extension 'colcon_meta'
[2.182s] Level 1:colcon.colcon_core.package_identification:_identify(sprint4/Building_Tablero/materials) by extensions ['ros']
[2.183s] Level 1:colcon.colcon_core.package_identification:_identify(sprint4/Building_Tablero/materials) by extension 'ros'
[2.183s] Level 1:colcon.colcon_core.package_identification:_identify(sprint4/Building_Tablero/materials) by extensions ['cmake', 'python']
[2.183s] Level 1:colcon.colcon_core.package_identification:_identify(sprint4/Building_Tablero/materials) by extension 'cmake'
[2.183s] Level 1:colcon.colcon_core.package_identification:_identify(sprint4/Building_Tablero/materials) by extension 'python'
[2.184s] Level 1:colcon.colcon_core.package_identification:_identify(sprint4/Building_Tablero/materials) by extensions ['python_setup_py']
[2.184s] Level 1:colcon.colcon_core.package_identification:_identify(sprint4/Building_Tablero/materials) by extension 'python_setup_py'
[2.184s] Level 1:colcon.colcon_core.package_identification:_identify(sprint4/Building_Tablero/materials/scripts) by extensions ['ignore', 'ignore_ament_install']
[2.185s] Level 1:colcon.colcon_core.package_identification:_identify(sprint4/Building_Tablero/materials/scripts) by extension 'ignore'
[2.185s] Level 1:colcon.colcon_core.package_identification:_identify(sprint4/Building_Tablero/materials/scripts) by extension 'ignore_ament_install'
[2.185s] Level 1:colcon.colcon_core.package_identification:_identify(sprint4/Building_Tablero/materials/scripts) by extensions ['colcon_pkg']
[2.185s] Level 1:colcon.colcon_core.package_identification:_identify(sprint4/Building_Tablero/materials/scripts) by extension 'colcon_pkg'
[2.186s] Level 1:colcon.colcon_core.package_identification:_identify(sprint4/Building_Tablero/materials/scripts) by extensions ['colcon_meta']
[2.186s] Level 1:colcon.colcon_core.package_identification:_identify(sprint4/Building_Tablero/materials/scripts) by extension 'colcon_meta'
[2.186s] Level 1:colcon.colcon_core.package_identification:_identify(sprint4/Building_Tablero/materials/scripts) by extensions ['ros']
[2.186s] Level 1:colcon.colcon_core.package_identification:_identify(sprint4/Building_Tablero/materials/scripts) by extension 'ros'
[2.187s] Level 1:colcon.colcon_core.package_identification:_identify(sprint4/Building_Tablero/materials/scripts) by extensions ['cmake', 'python']
[2.187s] Level 1:colcon.colcon_core.package_identification:_identify(sprint4/Building_Tablero/materials/scripts) by extension 'cmake'
[2.187s] Level 1:colcon.colcon_core.package_identification:_identify(sprint4/Building_Tablero/materials/scripts) by extension 'python'
[2.188s] Level 1:colcon.colcon_core.package_identification:_identify(sprint4/Building_Tablero/materials/scripts) by extensions ['python_setup_py']
[2.188s] Level 1:colcon.colcon_core.package_identification:_identify(sprint4/Building_Tablero/materials/scripts) by extension 'python_setup_py'
[2.188s] Level 1:colcon.colcon_core.package_identification:_identify(sprint4/Building_Tablero/materials/textures) by extensions ['ignore', 'ignore_ament_install']
[2.189s] Level 1:colcon.colcon_core.package_identification:_identify(sprint4/Building_Tablero/materials/textures) by extension 'ignore'
[2.189s] Level 1:colcon.colcon_core.package_identification:_identify(sprint4/Building_Tablero/materials/textures) by extension 'ignore_ament_install'
[2.190s] Level 1:colcon.colcon_core.package_identification:_identify(sprint4/Building_Tablero/materials/textures) by extensions ['colcon_pkg']
[2.190s] Level 1:colcon.colcon_core.package_identification:_identify(sprint4/Building_Tablero/materials/textures) by extension 'colcon_pkg'
[2.190s] Level 1:colcon.colcon_core.package_identification:_identify(sprint4/Building_Tablero/materials/textures) by extensions ['colcon_meta']
[2.191s] Level 1:colcon.colcon_core.package_identification:_identify(sprint4/Building_Tablero/materials/textures) by extension 'colcon_meta'
[2.191s] Level 1:colcon.colcon_core.package_identification:_identify(sprint4/Building_Tablero/materials/textures) by extensions ['ros']
[2.191s] Level 1:colcon.colcon_core.package_identification:_identify(sprint4/Building_Tablero/materials/textures) by extension 'ros'
[2.192s] Level 1:colcon.colcon_core.package_identification:_identify(sprint4/Building_Tablero/materials/textures) by extensions ['cmake', 'python']
[2.192s] Level 1:colcon.colcon_core.package_identification:_identify(sprint4/Building_Tablero/materials/textures) by extension 'cmake'
[2.192s] Level 1:colcon.colcon_core.package_identification:_identify(sprint4/Building_Tablero/materials/textures) by extension 'python'
[2.193s] Level 1:colcon.colcon_core.package_identification:_identify(sprint4/Building_Tablero/materials/textures) by extensions ['python_setup_py']
[2.193s] Level 1:colcon.colcon_core.package_identification:_identify(sprint4/Building_Tablero/materials/textures) by extension 'python_setup_py'
[2.194s] Level 1:colcon.colcon_core.package_identification:_identify(sprint4/Building_Tablerov1) by extensions ['ignore', 'ignore_ament_install']
[2.194s] Level 1:colcon.colcon_core.package_identification:_identify(sprint4/Building_Tablerov1) by extension 'ignore'
[2.194s] Level 1:colcon.colcon_core.package_identification:_identify(sprint4/Building_Tablerov1) by extension 'ignore_ament_install'
[2.195s] Level 1:colcon.colcon_core.package_identification:_identify(sprint4/Building_Tablerov1) by extensions ['colcon_pkg']
[2.195s] Level 1:colcon.colcon_core.package_identification:_identify(sprint4/Building_Tablerov1) by extension 'colcon_pkg'
[2.195s] Level 1:colcon.colcon_core.package_identification:_identify(sprint4/Building_Tablerov1) by extensions ['colcon_meta']
[2.195s] Level 1:colcon.colcon_core.package_identification:_identify(sprint4/Building_Tablerov1) by extension 'colcon_meta'
[2.195s] Level 1:colcon.colcon_core.package_identification:_identify(sprint4/Building_Tablerov1) by extensions ['ros']
[2.196s] Level 1:colcon.colcon_core.package_identification:_identify(sprint4/Building_Tablerov1) by extension 'ros'
[2.196s] Level 1:colcon.colcon_core.package_identification:_identify(sprint4/Building_Tablerov1) by extensions ['cmake', 'python']
[2.196s] Level 1:colcon.colcon_core.package_identification:_identify(sprint4/Building_Tablerov1) by extension 'cmake'
[2.197s] Level 1:colcon.colcon_core.package_identification:_identify(sprint4/Building_Tablerov1) by extension 'python'
[2.197s] Level 1:colcon.colcon_core.package_identification:_identify(sprint4/Building_Tablerov1) by extensions ['python_setup_py']
[2.197s] Level 1:colcon.colcon_core.package_identification:_identify(sprint4/Building_Tablerov1) by extension 'python_setup_py'
[2.198s] Level 1:colcon.colcon_core.package_identification:_identify(sprint4/Building_Tablerov1/materials) by extensions ['ignore', 'ignore_ament_install']
[2.198s] Level 1:colcon.colcon_core.package_identification:_identify(sprint4/Building_Tablerov1/materials) by extension 'ignore'
[2.199s] Level 1:colcon.colcon_core.package_identification:_identify(sprint4/Building_Tablerov1/materials) by extension 'ignore_ament_install'
[2.199s] Level 1:colcon.colcon_core.package_identification:_identify(sprint4/Building_Tablerov1/materials) by extensions ['colcon_pkg']
[2.199s] Level 1:colcon.colcon_core.package_identification:_identify(sprint4/Building_Tablerov1/materials) by extension 'colcon_pkg'
[2.199s] Level 1:colcon.colcon_core.package_identification:_identify(sprint4/Building_Tablerov1/materials) by extensions ['colcon_meta']
[2.200s] Level 1:colcon.colcon_core.package_identification:_identify(sprint4/Building_Tablerov1/materials) by extension 'colcon_meta'
[2.200s] Level 1:colcon.colcon_core.package_identification:_identify(sprint4/Building_Tablerov1/materials) by extensions ['ros']
[2.200s] Level 1:colcon.colcon_core.package_identification:_identify(sprint4/Building_Tablerov1/materials) by extension 'ros'
[2.201s] Level 1:colcon.colcon_core.package_identification:_identify(sprint4/Building_Tablerov1/materials) by extensions ['cmake', 'python']
[2.201s] Level 1:colcon.colcon_core.package_identification:_identify(sprint4/Building_Tablerov1/materials) by extension 'cmake'
[2.201s] Level 1:colcon.colcon_core.package_identification:_identify(sprint4/Building_Tablerov1/materials) by extension 'python'
[2.201s] Level 1:colcon.colcon_core.package_identification:_identify(sprint4/Building_Tablerov1/materials) by extensions ['python_setup_py']
[2.202s] Level 1:colcon.colcon_core.package_identification:_identify(sprint4/Building_Tablerov1/materials) by extension 'python_setup_py'
[2.202s] Level 1:colcon.colcon_core.package_identification:_identify(sprint4/Building_Tablerov1/materials/scripts) by extensions ['ignore', 'ignore_ament_install']
[2.203s] Level 1:colcon.colcon_core.package_identification:_identify(sprint4/Building_Tablerov1/materials/scripts) by extension 'ignore'
[2.203s] Level 1:colcon.colcon_core.package_identification:_identify(sprint4/Building_Tablerov1/materials/scripts) by extension 'ignore_ament_install'
[2.203s] Level 1:colcon.colcon_core.package_identification:_identify(sprint4/Building_Tablerov1/materials/scripts) by extensions ['colcon_pkg']
[2.204s] Level 1:colcon.colcon_core.package_identification:_identify(sprint4/Building_Tablerov1/materials/scripts) by extension 'colcon_pkg'
[2.204s] Level 1:colcon.colcon_core.package_identification:_identify(sprint4/Building_Tablerov1/materials/scripts) by extensions ['colcon_meta']
[2.204s] Level 1:colcon.colcon_core.package_identification:_identify(sprint4/Building_Tablerov1/materials/scripts) by extension 'colcon_meta'
[2.204s] Level 1:colcon.colcon_core.package_identification:_identify(sprint4/Building_Tablerov1/materials/scripts) by extensions ['ros']
[2.205s] Level 1:colcon.colcon_core.package_identification:_identify(sprint4/Building_Tablerov1/materials/scripts) by extension 'ros'
[2.205s] Level 1:colcon.colcon_core.package_identification:_identify(sprint4/Building_Tablerov1/materials/scripts) by extensions ['cmake', 'python']
[2.205s] Level 1:colcon.colcon_core.package_identification:_identify(sprint4/Building_Tablerov1/materials/scripts) by extension 'cmake'
[2.206s] Level 1:colcon.colcon_core.package_identification:_identify(sprint4/Building_Tablerov1/materials/scripts) by extension 'python'
[2.206s] Level 1:colcon.colcon_core.package_identification:_identify(sprint4/Building_Tablerov1/materials/scripts) by extensions ['python_setup_py']
[2.206s] Level 1:colcon.colcon_core.package_identification:_identify(sprint4/Building_Tablerov1/materials/scripts) by extension 'python_setup_py'
[2.207s] Level 1:colcon.colcon_core.package_identification:_identify(sprint4/Building_Tablerov1/materials/textures) by extensions ['ignore', 'ignore_ament_install']
[2.207s] Level 1:colcon.colcon_core.package_identification:_identify(sprint4/Building_Tablerov1/materials/textures) by extension 'ignore'
[2.208s] Level 1:colcon.colcon_core.package_identification:_identify(sprint4/Building_Tablerov1/materials/textures) by extension 'ignore_ament_install'
[2.208s] Level 1:colcon.colcon_core.package_identification:_identify(sprint4/Building_Tablerov1/materials/textures) by extensions ['colcon_pkg']
[2.208s] Level 1:colcon.colcon_core.package_identification:_identify(sprint4/Building_Tablerov1/materials/textures) by extension 'colcon_pkg'
[2.209s] Level 1:colcon.colcon_core.package_identification:_identify(sprint4/Building_Tablerov1/materials/textures) by extensions ['colcon_meta']
[2.209s] Level 1:colcon.colcon_core.package_identification:_identify(sprint4/Building_Tablerov1/materials/textures) by extension 'colcon_meta'
[2.209s] Level 1:colcon.colcon_core.package_identification:_identify(sprint4/Building_Tablerov1/materials/textures) by extensions ['ros']
[2.210s] Level 1:colcon.colcon_core.package_identification:_identify(sprint4/Building_Tablerov1/materials/textures) by extension 'ros'
[2.210s] Level 1:colcon.colcon_core.package_identification:_identify(sprint4/Building_Tablerov1/materials/textures) by extensions ['cmake', 'python']
[2.210s] Level 1:colcon.colcon_core.package_identification:_identify(sprint4/Building_Tablerov1/materials/textures) by extension 'cmake'
[2.211s] Level 1:colcon.colcon_core.package_identification:_identify(sprint4/Building_Tablerov1/materials/textures) by extension 'python'
[2.211s] Level 1:colcon.colcon_core.package_identification:_identify(sprint4/Building_Tablerov1/materials/textures) by extensions ['python_setup_py']
[2.211s] Level 1:colcon.colcon_core.package_identification:_identify(sprint4/Building_Tablerov1/materials/textures) by extension 'python_setup_py'
[2.212s] Level 1:colcon.colcon_core.package_identification:_identify(sprint4/turtlebot3_waffle1) by extensions ['ignore', 'ignore_ament_install']
[2.212s] Level 1:colcon.colcon_core.package_identification:_identify(sprint4/turtlebot3_waffle1) by extension 'ignore'
[2.213s] Level 1:colcon.colcon_core.package_identification:_identify(sprint4/turtlebot3_waffle1) by extension 'ignore_ament_install'
[2.213s] Level 1:colcon.colcon_core.package_identification:_identify(sprint4/turtlebot3_waffle1) by extensions ['colcon_pkg']
[2.213s] Level 1:colcon.colcon_core.package_identification:_identify(sprint4/turtlebot3_waffle1) by extension 'colcon_pkg'
[2.214s] Level 1:colcon.colcon_core.package_identification:_identify(sprint4/turtlebot3_waffle1) by extensions ['colcon_meta']
[2.214s] Level 1:colcon.colcon_core.package_identification:_identify(sprint4/turtlebot3_waffle1) by extension 'colcon_meta'
[2.214s] Level 1:colcon.colcon_core.package_identification:_identify(sprint4/turtlebot3_waffle1) by extensions ['ros']
[2.214s] Level 1:colcon.colcon_core.package_identification:_identify(sprint4/turtlebot3_waffle1) by extension 'ros'
[2.215s] Level 1:colcon.colcon_core.package_identification:_identify(sprint4/turtlebot3_waffle1) by extensions ['cmake', 'python']
[2.215s] Level 1:colcon.colcon_core.package_identification:_identify(sprint4/turtlebot3_waffle1) by extension 'cmake'
[2.215s] Level 1:colcon.colcon_core.package_identification:_identify(sprint4/turtlebot3_waffle1) by extension 'python'
[2.216s] Level 1:colcon.colcon_core.package_identification:_identify(sprint4/turtlebot3_waffle1) by extensions ['python_setup_py']
[2.216s] Level 1:colcon.colcon_core.package_identification:_identify(sprint4/turtlebot3_waffle1) by extension 'python_setup_py'
[2.216s] Level 1:colcon.colcon_core.package_discovery:discover_packages(recursive) using defaults
[2.217s] Level 1:colcon.colcon_core.package_discovery:discover_packages(ignore) discover
[2.217s] Level 1:colcon.colcon_core.package_discovery:discover_packages(ignore) using defaults
[2.217s] Level 1:colcon.colcon_core.package_discovery:discover_packages(path) discover
[2.217s] Level 1:colcon.colcon_core.package_discovery:discover_packages(path) using defaults
[2.286s] Level 1:colcon.colcon_core.package_discovery:discover_packages(prefix_path) check parameters
[2.286s] Level 1:colcon.colcon_core.package_discovery:discover_packages(prefix_path) discover
[2.296s] DEBUG:colcon.colcon_installed_package_information.package_discovery:Found 3 installed packages in /home/jetbot/jetbot_ws/install
[2.304s] DEBUG:colcon.colcon_installed_package_information.package_discovery:Found 302 installed packages in /opt/ros/foxy
[2.313s] Level 1:colcon.colcon_core.package_discovery:discover_packages(prefix_path) using defaults
[2.961s] INFO:colcon.colcon_core.executor:Executing jobs using 'parallel' executor
[2.965s] DEBUG:colcon.colcon_parallel_executor.executor.parallel:run_until_complete
[2.965s] DEBUG:colcon.colcon_parallel_executor.executor.parallel:closing loop
[2.965s] DEBUG:colcon.colcon_parallel_executor.executor.parallel:loop closed
[2.966s] DEBUG:colcon.colcon_parallel_executor.executor.parallel:run_until_complete finished with '0'
[2.966s] DEBUG:colcon.colcon_core.event_reactor:joining thread
[2.991s] INFO:colcon.colcon_core.plugin_system:Skipping extension 'colcon_notification.desktop_notification.terminal_notifier': Not used on non-Darwin systems
[2.992s] INFO:colcon.colcon_core.plugin_system:Skipping extension 'colcon_notification.desktop_notification.win32': Not used on non-Windows systems
[2.992s] INFO:colcon.colcon_notification.desktop_notification:Sending desktop notification using 'notify2'
[3.006s] DEBUG:colcon.colcon_core.event_reactor:joined thread
[3.017s] INFO:colcon.colcon_core.plugin_system:Skipping extension 'colcon_core.shell.bat': Not used on non-Windows systems
[3.018s] INFO:colcon.colcon_core.shell:Creating prefix script '/home/jetbot/G01-ProyectoRII3/install/local_setup.ps1'
[3.022s] INFO:colcon.colcon_core.shell:Creating prefix util module '/home/jetbot/G01-ProyectoRII3/install/_local_setup_util_ps1.py'
[3.031s] INFO:colcon.colcon_core.shell:Creating prefix chain script '/home/jetbot/G01-ProyectoRII3/install/setup.ps1'
[3.037s] INFO:colcon.colcon_core.shell:Creating prefix script '/home/jetbot/G01-ProyectoRII3/install/local_setup.sh'
[3.044s] INFO:colcon.colcon_core.shell:Creating prefix util module '/home/jetbot/G01-ProyectoRII3/install/_local_setup_util_sh.py'
[3.047s] INFO:colcon.colcon_core.shell:Creating prefix chain script '/home/jetbot/G01-ProyectoRII3/install/setup.sh'
[3.053s] INFO:colcon.colcon_core.shell:Creating prefix script '/home/jetbot/G01-ProyectoRII3/install/local_setup.bash'
[3.056s] INFO:colcon.colcon_core.shell:Creating prefix chain script '/home/jetbot/G01-ProyectoRII3/install/setup.bash'
[3.061s] INFO:colcon.colcon_core.shell:Creating prefix script '/home/jetbot/G01-ProyectoRII3/install/local_setup.zsh'
[3.063s] INFO:colcon.colcon_core.shell:Creating prefix chain script '/home/jetbot/G01-ProyectoRII3/install/setup.zsh'
