[0.953s] DEBUG:colcon:Command line arguments: ['/usr/bin/colcon', 'build']
[0.953s] DEBUG:colcon:Parsed command line arguments: Namespace(allow_overriding=[], ament_cmake_args=None, base_paths=['.'], build_base='build', catkin_cmake_args=None, catkin_skip_building_tests=False, cmake_args=None, cmake_clean_cache=False, cmake_clean_first=False, cmake_force_configure=False, cmake_target=None, cmake_target_skip_unavailable=False, continue_on_error=False, event_handlers=None, executor='parallel', ignore_user_meta=False, install_base='install', log_base=None, log_level=None, main=<bound method BuildVerb.main of <colcon_core.verb.build.BuildVerb object at 0x7f9111ea00>>, merge_install=False, metas=['./colcon.meta'], packages_above=None, packages_above_and_dependencies=None, packages_above_depth=None, packages_end=None, packages_ignore=None, packages_ignore_regex=None, packages_select=None, packages_select_build_failed=False, packages_select_by_dep=None, packages_select_regex=None, packages_select_test_failures=False, packages_skip=None, packages_skip_build_finished=False, packages_skip_by_dep=None, packages_skip_regex=None, packages_skip_test_passed=False, packages_skip_up_to=None, packages_start=None, packages_up_to=None, packages_up_to_regex=None, parallel_workers=4, paths=None, symlink_install=False, test_result_base=None, verb_extension=<colcon_core.verb.build.BuildVerb object at 0x7f9111ea00>, verb_name='build', verb_parser=<colcon_defaults.argument_parser.defaults.DefaultArgumentsDecorator object at 0x7f90f37af0>)
[1.706s] Level 1:colcon.colcon_core.package_discovery:discover_packages(colcon_meta) check parameters
[1.707s] Level 1:colcon.colcon_core.package_discovery:discover_packages(recursive) check parameters
[1.707s] Level 1:colcon.colcon_core.package_discovery:discover_packages(ignore) check parameters
[1.707s] Level 1:colcon.colcon_core.package_discovery:discover_packages(path) check parameters
[1.707s] Level 1:colcon.colcon_core.package_discovery:discover_packages(colcon_meta) discover
[1.707s] Level 1:colcon.colcon_core.package_discovery:discover_packages(recursive) discover
[1.708s] INFO:colcon.colcon_core.package_discovery:Crawling recursively for packages in '/home/jetbot/G01-ProyectoRII3'
[1.708s] Level 1:colcon.colcon_core.package_identification:_identify(.) by extensions ['ignore', 'ignore_ament_install']
[1.708s] Level 1:colcon.colcon_core.package_identification:_identify(.) by extension 'ignore'
[1.709s] Level 1:colcon.colcon_core.package_identification:_identify(.) by extension 'ignore_ament_install'
[1.709s] Level 1:colcon.colcon_core.package_identification:_identify(.) by extensions ['colcon_pkg']
[1.709s] Level 1:colcon.colcon_core.package_identification:_identify(.) by extension 'colcon_pkg'
[1.709s] Level 1:colcon.colcon_core.package_identification:_identify(.) by extensions ['colcon_meta']
[1.709s] Level 1:colcon.colcon_core.package_identification:_identify(.) by extension 'colcon_meta'
[1.710s] Level 1:colcon.colcon_core.package_identification:_identify(.) by extensions ['ros']
[1.710s] Level 1:colcon.colcon_core.package_identification:_identify(.) by extension 'ros'
[1.767s] Level 1:colcon.colcon_core.package_identification:_identify(.) by extensions ['cmake', 'python']
[1.768s] Level 1:colcon.colcon_core.package_identification:_identify(.) by extension 'cmake'
[1.768s] Level 1:colcon.colcon_core.package_identification:_identify(.) by extension 'python'
[1.768s] Level 1:colcon.colcon_core.package_identification:_identify(.) by extensions ['python_setup_py']
[1.768s] Level 1:colcon.colcon_core.package_identification:_identify(.) by extension 'python_setup_py'
[1.769s] Level 1:colcon.colcon_core.package_identification:_identify(build) by extensions ['ignore', 'ignore_ament_install']
[1.769s] Level 1:colcon.colcon_core.package_identification:_identify(build) by extension 'ignore'
[1.769s] Level 1:colcon.colcon_core.package_identification:_identify(build) ignored
[1.770s] Level 1:colcon.colcon_core.package_identification:_identify(install) by extensions ['ignore', 'ignore_ament_install']
[1.770s] Level 1:colcon.colcon_core.package_identification:_identify(install) by extension 'ignore'
[1.770s] Level 1:colcon.colcon_core.package_identification:_identify(install) ignored
[1.771s] Level 1:colcon.colcon_core.package_identification:_identify(log) by extensions ['ignore', 'ignore_ament_install']
[1.771s] Level 1:colcon.colcon_core.package_identification:_identify(log) by extension 'ignore'
[1.771s] Level 1:colcon.colcon_core.package_identification:_identify(log) ignored
[1.772s] Level 1:colcon.colcon_core.package_identification:_identify(sprint4) by extensions ['ignore', 'ignore_ament_install']
[1.772s] Level 1:colcon.colcon_core.package_identification:_identify(sprint4) by extension 'ignore'
[1.772s] Level 1:colcon.colcon_core.package_identification:_identify(sprint4) by extension 'ignore_ament_install'
[1.772s] Level 1:colcon.colcon_core.package_identification:_identify(sprint4) by extensions ['colcon_pkg']
[1.773s] Level 1:colcon.colcon_core.package_identification:_identify(sprint4) by extension 'colcon_pkg'
[1.773s] Level 1:colcon.colcon_core.package_identification:_identify(sprint4) by extensions ['colcon_meta']
[1.773s] Level 1:colcon.colcon_core.package_identification:_identify(sprint4) by extension 'colcon_meta'
[1.773s] Level 1:colcon.colcon_core.package_identification:_identify(sprint4) by extensions ['ros']
[1.773s] Level 1:colcon.colcon_core.package_identification:_identify(sprint4) by extension 'ros'
[1.774s] Level 1:colcon.colcon_core.package_identification:_identify(sprint4) by extensions ['cmake', 'python']
[1.774s] Level 1:colcon.colcon_core.package_identification:_identify(sprint4) by extension 'cmake'
[1.774s] Level 1:colcon.colcon_core.package_identification:_identify(sprint4) by extension 'python'
[1.774s] Level 1:colcon.colcon_core.package_identification:_identify(sprint4) by extensions ['python_setup_py']
[1.774s] Level 1:colcon.colcon_core.package_identification:_identify(sprint4) by extension 'python_setup_py'
[1.775s] Level 1:colcon.colcon_core.package_identification:_identify(sprint4/Building_Tablero) by extensions ['ignore', 'ignore_ament_install']
[1.775s] Level 1:colcon.colcon_core.package_identification:_identify(sprint4/Building_Tablero) by extension 'ignore'
[1.775s] Level 1:colcon.colcon_core.package_identification:_identify(sprint4/Building_Tablero) by extension 'ignore_ament_install'
[1.775s] Level 1:colcon.colcon_core.package_identification:_identify(sprint4/Building_Tablero) by extensions ['colcon_pkg']
[1.776s] Level 1:colcon.colcon_core.package_identification:_identify(sprint4/Building_Tablero) by extension 'colcon_pkg'
[1.776s] Level 1:colcon.colcon_core.package_identification:_identify(sprint4/Building_Tablero) by extensions ['colcon_meta']
[1.776s] Level 1:colcon.colcon_core.package_identification:_identify(sprint4/Building_Tablero) by extension 'colcon_meta'
[1.776s] Level 1:colcon.colcon_core.package_identification:_identify(sprint4/Building_Tablero) by extensions ['ros']
[1.776s] Level 1:colcon.colcon_core.package_identification:_identify(sprint4/Building_Tablero) by extension 'ros'
[1.777s] Level 1:colcon.colcon_core.package_identification:_identify(sprint4/Building_Tablero) by extensions ['cmake', 'python']
[1.777s] Level 1:colcon.colcon_core.package_identification:_identify(sprint4/Building_Tablero) by extension 'cmake'
[1.777s] Level 1:colcon.colcon_core.package_identification:_identify(sprint4/Building_Tablero) by extension 'python'
[1.777s] Level 1:colcon.colcon_core.package_identification:_identify(sprint4/Building_Tablero) by extensions ['python_setup_py']
[1.777s] Level 1:colcon.colcon_core.package_identification:_identify(sprint4/Building_Tablero) by extension 'python_setup_py'
[1.778s] Level 1:colcon.colcon_core.package_identification:_identify(sprint4/Building_Tablero/materials) by extensions ['ignore', 'ignore_ament_install']
[1.778s] Level 1:colcon.colcon_core.package_identification:_identify(sprint4/Building_Tablero/materials) by extension 'ignore'
[1.778s] Level 1:colcon.colcon_core.package_identification:_identify(sprint4/Building_Tablero/materials) by extension 'ignore_ament_install'
[1.778s] Level 1:colcon.colcon_core.package_identification:_identify(sprint4/Building_Tablero/materials) by extensions ['colcon_pkg']
[1.779s] Level 1:colcon.colcon_core.package_identification:_identify(sprint4/Building_Tablero/materials) by extension 'colcon_pkg'
[1.779s] Level 1:colcon.colcon_core.package_identification:_identify(sprint4/Building_Tablero/materials) by extensions ['colcon_meta']
[1.779s] Level 1:colcon.colcon_core.package_identification:_identify(sprint4/Building_Tablero/materials) by extension 'colcon_meta'
[1.779s] Level 1:colcon.colcon_core.package_identification:_identify(sprint4/Building_Tablero/materials) by extensions ['ros']
[1.779s] Level 1:colcon.colcon_core.package_identification:_identify(sprint4/Building_Tablero/materials) by extension 'ros'
[1.780s] Level 1:colcon.colcon_core.package_identification:_identify(sprint4/Building_Tablero/materials) by extensions ['cmake', 'python']
[1.780s] Level 1:colcon.colcon_core.package_identification:_identify(sprint4/Building_Tablero/materials) by extension 'cmake'
[1.780s] Level 1:colcon.colcon_core.package_identification:_identify(sprint4/Building_Tablero/materials) by extension 'python'
[1.780s] Level 1:colcon.colcon_core.package_identification:_identify(sprint4/Building_Tablero/materials) by extensions ['python_setup_py']
[1.780s] Level 1:colcon.colcon_core.package_identification:_identify(sprint4/Building_Tablero/materials) by extension 'python_setup_py'
[1.781s] Level 1:colcon.colcon_core.package_identification:_identify(sprint4/Building_Tablero/materials/scripts) by extensions ['ignore', 'ignore_ament_install']
[1.781s] Level 1:colcon.colcon_core.package_identification:_identify(sprint4/Building_Tablero/materials/scripts) by extension 'ignore'
[1.781s] Level 1:colcon.colcon_core.package_identification:_identify(sprint4/Building_Tablero/materials/scripts) by extension 'ignore_ament_install'
[1.782s] Level 1:colcon.colcon_core.package_identification:_identify(sprint4/Building_Tablero/materials/scripts) by extensions ['colcon_pkg']
[1.782s] Level 1:colcon.colcon_core.package_identification:_identify(sprint4/Building_Tablero/materials/scripts) by extension 'colcon_pkg'
[1.782s] Level 1:colcon.colcon_core.package_identification:_identify(sprint4/Building_Tablero/materials/scripts) by extensions ['colcon_meta']
[1.782s] Level 1:colcon.colcon_core.package_identification:_identify(sprint4/Building_Tablero/materials/scripts) by extension 'colcon_meta'
[1.782s] Level 1:colcon.colcon_core.package_identification:_identify(sprint4/Building_Tablero/materials/scripts) by extensions ['ros']
[1.782s] Level 1:colcon.colcon_core.package_identification:_identify(sprint4/Building_Tablero/materials/scripts) by extension 'ros'
[1.783s] Level 1:colcon.colcon_core.package_identification:_identify(sprint4/Building_Tablero/materials/scripts) by extensions ['cmake', 'python']
[1.783s] Level 1:colcon.colcon_core.package_identification:_identify(sprint4/Building_Tablero/materials/scripts) by extension 'cmake'
[1.783s] Level 1:colcon.colcon_core.package_identification:_identify(sprint4/Building_Tablero/materials/scripts) by extension 'python'
[1.783s] Level 1:colcon.colcon_core.package_identification:_identify(sprint4/Building_Tablero/materials/scripts) by extensions ['python_setup_py']
[1.783s] Level 1:colcon.colcon_core.package_identification:_identify(sprint4/Building_Tablero/materials/scripts) by extension 'python_setup_py'
[1.784s] Level 1:colcon.colcon_core.package_identification:_identify(sprint4/Building_Tablero/materials/textures) by extensions ['ignore', 'ignore_ament_install']
[1.784s] Level 1:colcon.colcon_core.package_identification:_identify(sprint4/Building_Tablero/materials/textures) by extension 'ignore'
[1.784s] Level 1:colcon.colcon_core.package_identification:_identify(sprint4/Building_Tablero/materials/textures) by extension 'ignore_ament_install'
[1.785s] Level 1:colcon.colcon_core.package_identification:_identify(sprint4/Building_Tablero/materials/textures) by extensions ['colcon_pkg']
[1.785s] Level 1:colcon.colcon_core.package_identification:_identify(sprint4/Building_Tablero/materials/textures) by extension 'colcon_pkg'
[1.785s] Level 1:colcon.colcon_core.package_identification:_identify(sprint4/Building_Tablero/materials/textures) by extensions ['colcon_meta']
[1.785s] Level 1:colcon.colcon_core.package_identification:_identify(sprint4/Building_Tablero/materials/textures) by extension 'colcon_meta'
[1.785s] Level 1:colcon.colcon_core.package_identification:_identify(sprint4/Building_Tablero/materials/textures) by extensions ['ros']
[1.785s] Level 1:colcon.colcon_core.package_identification:_identify(sprint4/Building_Tablero/materials/textures) by extension 'ros'
[1.786s] Level 1:colcon.colcon_core.package_identification:_identify(sprint4/Building_Tablero/materials/textures) by extensions ['cmake', 'python']
[1.786s] Level 1:colcon.colcon_core.package_identification:_identify(sprint4/Building_Tablero/materials/textures) by extension 'cmake'
[1.786s] Level 1:colcon.colcon_core.package_identification:_identify(sprint4/Building_Tablero/materials/textures) by extension 'python'
[1.786s] Level 1:colcon.colcon_core.package_identification:_identify(sprint4/Building_Tablero/materials/textures) by extensions ['python_setup_py']
[1.786s] Level 1:colcon.colcon_core.package_identification:_identify(sprint4/Building_Tablero/materials/textures) by extension 'python_setup_py'
[1.787s] Level 1:colcon.colcon_core.package_identification:_identify(sprint4/Building_Tablerov1) by extensions ['ignore', 'ignore_ament_install']
[1.787s] Level 1:colcon.colcon_core.package_identification:_identify(sprint4/Building_Tablerov1) by extension 'ignore'
[1.787s] Level 1:colcon.colcon_core.package_identification:_identify(sprint4/Building_Tablerov1) by extension 'ignore_ament_install'
[1.788s] Level 1:colcon.colcon_core.package_identification:_identify(sprint4/Building_Tablerov1) by extensions ['colcon_pkg']
[1.788s] Level 1:colcon.colcon_core.package_identification:_identify(sprint4/Building_Tablerov1) by extension 'colcon_pkg'
[1.788s] Level 1:colcon.colcon_core.package_identification:_identify(sprint4/Building_Tablerov1) by extensions ['colcon_meta']
[1.788s] Level 1:colcon.colcon_core.package_identification:_identify(sprint4/Building_Tablerov1) by extension 'colcon_meta'
[1.788s] Level 1:colcon.colcon_core.package_identification:_identify(sprint4/Building_Tablerov1) by extensions ['ros']
[1.788s] Level 1:colcon.colcon_core.package_identification:_identify(sprint4/Building_Tablerov1) by extension 'ros'
[1.789s] Level 1:colcon.colcon_core.package_identification:_identify(sprint4/Building_Tablerov1) by extensions ['cmake', 'python']
[1.789s] Level 1:colcon.colcon_core.package_identification:_identify(sprint4/Building_Tablerov1) by extension 'cmake'
[1.789s] Level 1:colcon.colcon_core.package_identification:_identify(sprint4/Building_Tablerov1) by extension 'python'
[1.789s] Level 1:colcon.colcon_core.package_identification:_identify(sprint4/Building_Tablerov1) by extensions ['python_setup_py']
[1.789s] Level 1:colcon.colcon_core.package_identification:_identify(sprint4/Building_Tablerov1) by extension 'python_setup_py'
[1.790s] Level 1:colcon.colcon_core.package_identification:_identify(sprint4/Building_Tablerov1/materials) by extensions ['ignore', 'ignore_ament_install']
[1.790s] Level 1:colcon.colcon_core.package_identification:_identify(sprint4/Building_Tablerov1/materials) by extension 'ignore'
[1.790s] Level 1:colcon.colcon_core.package_identification:_identify(sprint4/Building_Tablerov1/materials) by extension 'ignore_ament_install'
[1.791s] Level 1:colcon.colcon_core.package_identification:_identify(sprint4/Building_Tablerov1/materials) by extensions ['colcon_pkg']
[1.791s] Level 1:colcon.colcon_core.package_identification:_identify(sprint4/Building_Tablerov1/materials) by extension 'colcon_pkg'
[1.791s] Level 1:colcon.colcon_core.package_identification:_identify(sprint4/Building_Tablerov1/materials) by extensions ['colcon_meta']
[1.791s] Level 1:colcon.colcon_core.package_identification:_identify(sprint4/Building_Tablerov1/materials) by extension 'colcon_meta'
[1.791s] Level 1:colcon.colcon_core.package_identification:_identify(sprint4/Building_Tablerov1/materials) by extensions ['ros']
[1.791s] Level 1:colcon.colcon_core.package_identification:_identify(sprint4/Building_Tablerov1/materials) by extension 'ros'
[1.792s] Level 1:colcon.colcon_core.package_identification:_identify(sprint4/Building_Tablerov1/materials) by extensions ['cmake', 'python']
[1.792s] Level 1:colcon.colcon_core.package_identification:_identify(sprint4/Building_Tablerov1/materials) by extension 'cmake'
[1.792s] Level 1:colcon.colcon_core.package_identification:_identify(sprint4/Building_Tablerov1/materials) by extension 'python'
[1.792s] Level 1:colcon.colcon_core.package_identification:_identify(sprint4/Building_Tablerov1/materials) by extensions ['python_setup_py']
[1.792s] Level 1:colcon.colcon_core.package_identification:_identify(sprint4/Building_Tablerov1/materials) by extension 'python_setup_py'
[1.793s] Level 1:colcon.colcon_core.package_identification:_identify(sprint4/Building_Tablerov1/materials/scripts) by extensions ['ignore', 'ignore_ament_install']
[1.793s] Level 1:colcon.colcon_core.package_identification:_identify(sprint4/Building_Tablerov1/materials/scripts) by extension 'ignore'
[1.793s] Level 1:colcon.colcon_core.package_identification:_identify(sprint4/Building_Tablerov1/materials/scripts) by extension 'ignore_ament_install'
[1.794s] Level 1:colcon.colcon_core.package_identification:_identify(sprint4/Building_Tablerov1/materials/scripts) by extensions ['colcon_pkg']
[1.794s] Level 1:colcon.colcon_core.package_identification:_identify(sprint4/Building_Tablerov1/materials/scripts) by extension 'colcon_pkg'
[1.794s] Level 1:colcon.colcon_core.package_identification:_identify(sprint4/Building_Tablerov1/materials/scripts) by extensions ['colcon_meta']
[1.794s] Level 1:colcon.colcon_core.package_identification:_identify(sprint4/Building_Tablerov1/materials/scripts) by extension 'colcon_meta'
[1.794s] Level 1:colcon.colcon_core.package_identification:_identify(sprint4/Building_Tablerov1/materials/scripts) by extensions ['ros']
[1.795s] Level 1:colcon.colcon_core.package_identification:_identify(sprint4/Building_Tablerov1/materials/scripts) by extension 'ros'
[1.795s] Level 1:colcon.colcon_core.package_identification:_identify(sprint4/Building_Tablerov1/materials/scripts) by extensions ['cmake', 'python']
[1.795s] Level 1:colcon.colcon_core.package_identification:_identify(sprint4/Building_Tablerov1/materials/scripts) by extension 'cmake'
[1.795s] Level 1:colcon.colcon_core.package_identification:_identify(sprint4/Building_Tablerov1/materials/scripts) by extension 'python'
[1.795s] Level 1:colcon.colcon_core.package_identification:_identify(sprint4/Building_Tablerov1/materials/scripts) by extensions ['python_setup_py']
[1.796s] Level 1:colcon.colcon_core.package_identification:_identify(sprint4/Building_Tablerov1/materials/scripts) by extension 'python_setup_py'
[1.796s] Level 1:colcon.colcon_core.package_identification:_identify(sprint4/Building_Tablerov1/materials/textures) by extensions ['ignore', 'ignore_ament_install']
[1.796s] Level 1:colcon.colcon_core.package_identification:_identify(sprint4/Building_Tablerov1/materials/textures) by extension 'ignore'
[1.796s] Level 1:colcon.colcon_core.package_identification:_identify(sprint4/Building_Tablerov1/materials/textures) by extension 'ignore_ament_install'
[1.797s] Level 1:colcon.colcon_core.package_identification:_identify(sprint4/Building_Tablerov1/materials/textures) by extensions ['colcon_pkg']
[1.797s] Level 1:colcon.colcon_core.package_identification:_identify(sprint4/Building_Tablerov1/materials/textures) by extension 'colcon_pkg'
[1.797s] Level 1:colcon.colcon_core.package_identification:_identify(sprint4/Building_Tablerov1/materials/textures) by extensions ['colcon_meta']
[1.797s] Level 1:colcon.colcon_core.package_identification:_identify(sprint4/Building_Tablerov1/materials/textures) by extension 'colcon_meta'
[1.797s] Level 1:colcon.colcon_core.package_identification:_identify(sprint4/Building_Tablerov1/materials/textures) by extensions ['ros']
[1.798s] Level 1:colcon.colcon_core.package_identification:_identify(sprint4/Building_Tablerov1/materials/textures) by extension 'ros'
[1.798s] Level 1:colcon.colcon_core.package_identification:_identify(sprint4/Building_Tablerov1/materials/textures) by extensions ['cmake', 'python']
[1.798s] Level 1:colcon.colcon_core.package_identification:_identify(sprint4/Building_Tablerov1/materials/textures) by extension 'cmake'
[1.798s] Level 1:colcon.colcon_core.package_identification:_identify(sprint4/Building_Tablerov1/materials/textures) by extension 'python'
[1.799s] Level 1:colcon.colcon_core.package_identification:_identify(sprint4/Building_Tablerov1/materials/textures) by extensions ['python_setup_py']
[1.799s] Level 1:colcon.colcon_core.package_identification:_identify(sprint4/Building_Tablerov1/materials/textures) by extension 'python_setup_py'
[1.799s] Level 1:colcon.colcon_core.package_identification:_identify(sprint4/turtlebot3_waffle1) by extensions ['ignore', 'ignore_ament_install']
[1.799s] Level 1:colcon.colcon_core.package_identification:_identify(sprint4/turtlebot3_waffle1) by extension 'ignore'
[1.800s] Level 1:colcon.colcon_core.package_identification:_identify(sprint4/turtlebot3_waffle1) by extension 'ignore_ament_install'
[1.800s] Level 1:colcon.colcon_core.package_identification:_identify(sprint4/turtlebot3_waffle1) by extensions ['colcon_pkg']
[1.800s] Level 1:colcon.colcon_core.package_identification:_identify(sprint4/turtlebot3_waffle1) by extension 'colcon_pkg'
[1.800s] Level 1:colcon.colcon_core.package_identification:_identify(sprint4/turtlebot3_waffle1) by extensions ['colcon_meta']
[1.800s] Level 1:colcon.colcon_core.package_identification:_identify(sprint4/turtlebot3_waffle1) by extension 'colcon_meta'
[1.801s] Level 1:colcon.colcon_core.package_identification:_identify(sprint4/turtlebot3_waffle1) by extensions ['ros']
[1.801s] Level 1:colcon.colcon_core.package_identification:_identify(sprint4/turtlebot3_waffle1) by extension 'ros'
[1.801s] Level 1:colcon.colcon_core.package_identification:_identify(sprint4/turtlebot3_waffle1) by extensions ['cmake', 'python']
[1.801s] Level 1:colcon.colcon_core.package_identification:_identify(sprint4/turtlebot3_waffle1) by extension 'cmake'
[1.801s] Level 1:colcon.colcon_core.package_identification:_identify(sprint4/turtlebot3_waffle1) by extension 'python'
[1.802s] Level 1:colcon.colcon_core.package_identification:_identify(sprint4/turtlebot3_waffle1) by extensions ['python_setup_py']
[1.802s] Level 1:colcon.colcon_core.package_identification:_identify(sprint4/turtlebot3_waffle1) by extension 'python_setup_py'
[1.802s] Level 1:colcon.colcon_core.package_discovery:discover_packages(recursive) using defaults
[1.802s] Level 1:colcon.colcon_core.package_discovery:discover_packages(ignore) discover
[1.802s] Level 1:colcon.colcon_core.package_discovery:discover_packages(ignore) using defaults
[1.802s] Level 1:colcon.colcon_core.package_discovery:discover_packages(path) discover
[1.803s] Level 1:colcon.colcon_core.package_discovery:discover_packages(path) using defaults
[1.877s] Level 1:colcon.colcon_core.package_discovery:discover_packages(prefix_path) check parameters
[1.877s] Level 1:colcon.colcon_core.package_discovery:discover_packages(prefix_path) discover
[1.888s] DEBUG:colcon.colcon_installed_package_information.package_discovery:Found 3 installed packages in /home/jetbot/jetbot_ws/install
[1.896s] DEBUG:colcon.colcon_installed_package_information.package_discovery:Found 302 installed packages in /opt/ros/foxy
[1.906s] Level 1:colcon.colcon_core.package_discovery:discover_packages(prefix_path) using defaults
[2.458s] INFO:colcon.colcon_core.executor:Executing jobs using 'parallel' executor
[2.463s] DEBUG:colcon.colcon_parallel_executor.executor.parallel:run_until_complete
[2.463s] DEBUG:colcon.colcon_parallel_executor.executor.parallel:closing loop
[2.464s] DEBUG:colcon.colcon_parallel_executor.executor.parallel:loop closed
[2.464s] DEBUG:colcon.colcon_parallel_executor.executor.parallel:run_until_complete finished with '0'
[2.464s] DEBUG:colcon.colcon_core.event_reactor:joining thread
[2.497s] INFO:colcon.colcon_core.plugin_system:Skipping extension 'colcon_notification.desktop_notification.terminal_notifier': Not used on non-Darwin systems
[2.497s] INFO:colcon.colcon_core.plugin_system:Skipping extension 'colcon_notification.desktop_notification.win32': Not used on non-Windows systems
[2.497s] INFO:colcon.colcon_notification.desktop_notification:Sending desktop notification using 'notify2'
[2.517s] DEBUG:colcon.colcon_core.event_reactor:joined thread
[2.535s] INFO:colcon.colcon_core.plugin_system:Skipping extension 'colcon_core.shell.bat': Not used on non-Windows systems
[2.537s] INFO:colcon.colcon_core.shell:Creating prefix script '/home/jetbot/G01-ProyectoRII3/install/local_setup.ps1'
[2.542s] INFO:colcon.colcon_core.shell:Creating prefix util module '/home/jetbot/G01-ProyectoRII3/install/_local_setup_util_ps1.py'
[2.549s] INFO:colcon.colcon_core.shell:Creating prefix chain script '/home/jetbot/G01-ProyectoRII3/install/setup.ps1'
[2.556s] INFO:colcon.colcon_core.shell:Creating prefix script '/home/jetbot/G01-ProyectoRII3/install/local_setup.sh'
[2.558s] INFO:colcon.colcon_core.shell:Creating prefix util module '/home/jetbot/G01-ProyectoRII3/install/_local_setup_util_sh.py'
[2.561s] INFO:colcon.colcon_core.shell:Creating prefix chain script '/home/jetbot/G01-ProyectoRII3/install/setup.sh'
[2.567s] INFO:colcon.colcon_core.shell:Creating prefix script '/home/jetbot/G01-ProyectoRII3/install/local_setup.bash'
[2.570s] INFO:colcon.colcon_core.shell:Creating prefix chain script '/home/jetbot/G01-ProyectoRII3/install/setup.bash'
[2.575s] INFO:colcon.colcon_core.shell:Creating prefix script '/home/jetbot/G01-ProyectoRII3/install/local_setup.zsh'
[2.581s] INFO:colcon.colcon_core.shell:Creating prefix chain script '/home/jetbot/G01-ProyectoRII3/install/setup.zsh'
